2026-08-25T15:28:27.426Z LH:ChromeLauncher Waiting for browser.
2026-08-25T15:28:27.429Z LH:ChromeLauncher Waiting for browser...
2026-08-25T15:28:27.939Z LH:ChromeLauncher Waiting for browser.....
2026-08-25T15:28:28.452Z LH:ChromeLauncher Waiting for browser.......
2026-08-25T15:28:28.458Z LH:ChromeLauncher Waiting for browser.......[32m√[0m
2026-08-25T15:28:37.061Z LH:status Connecting to browser
2026-08-25T15:28:37.074Z LH:status Navigating to about:blank
2026-08-25T15:28:37.087Z LH:status Benchmarking machine
2026-08-25T15:28:38.099Z LH:status Host device pixel ratio
2026-08-25T15:28:38.101Z LH:status Preparing target for navigation mode
2026-08-25T15:28:38.127Z LH:status Cleaning origin data
2026-08-25T15:28:38.159Z LH:status Cleaning browser cache
2026-08-25T15:28:38.197Z LH:status Preparing network conditions
2026-08-25T15:28:38.296Z LH:status Navigating to http://localhost:5173/
2026-08-25T15:28:44.612Z LH:status Getting artifact: DevtoolsLog
2026-08-25T15:28:44.612Z LH:status Getting artifact: Trace
2026-08-25T15:28:44.612Z LH:status Getting artifact: Accessibility
2026-08-25T15:28:45.006Z LH:status Getting artifact: ConsoleMessages
2026-08-25T15:28:45.006Z LH:status Getting artifact: CSSUsage
2026-08-25T15:28:45.139Z LH:status Getting artifact: Doctype
2026-08-25T15:28:45.153Z LH:status Getting artifact: Inputs
2026-08-25T15:28:45.164Z LH:status Getting artifact: ImageElements
2026-08-25T15:28:45.253Z LH:status Getting artifact: InspectorIssues
2026-08-25T15:28:45.254Z LH:status Getting artifact: JsUsage
2026-08-25T15:28:45.255Z LH:status Getting artifact: MainDocumentContent
2026-08-25T15:28:45.259Z LH:status Getting artifact: MetaElements
2026-08-25T15:28:45.266Z LH:status Getting artifact: NetworkUserAgent
2026-08-25T15:28:45.266Z LH:status Getting artifact: Scripts
2026-08-25T15:28:45.267Z LH:status Getting artifact: SourceMaps
2026-08-25T15:28:45.591Z LH:status Getting artifact: Stacks
2026-08-25T15:28:45.591Z LH:status Collect stacks
2026-08-25T15:28:45.609Z LH:status Getting artifact: Stylesheets
2026-08-25T15:28:45.631Z LH:status Getting artifact: TraceElements
2026-08-25T15:28:45.751Z LH:status Trace Engine total
2026-08-25T15:28:45.751Z LH:status Trace Engine parse
2026-08-25T15:28:45.753Z LH:status Trace Engine parse:handleEvent
2026-08-25T15:28:46.058Z LH:status Trace Engine parse:Meta:finalize
2026-08-25T15:28:46.073Z LH:status Trace Engine parse:AnimationFrames:finalize
2026-08-25T15:28:46.088Z LH:status Trace Engine parse:Animations:finalize
2026-08-25T15:28:46.106Z LH:status Trace Engine parse:Samples:finalize
2026-08-25T15:28:46.119Z LH:status Trace Engine parse:AuctionWorklets:finalize
2026-08-25T15:28:46.135Z LH:status Trace Engine parse:NetworkRequests:finalize
2026-08-25T15:28:46.159Z LH:status Trace Engine parse:Renderer:finalize
2026-08-25T15:28:46.213Z LH:status Trace Engine parse:Flows:finalize
2026-08-25T15:28:46.240Z LH:status Trace Engine parse:AsyncJSCalls:finalize
2026-08-25T15:28:46.245Z LH:status Trace Engine parse:DOMStats:finalize
2026-08-25T15:28:46.259Z LH:status Trace Engine parse:UserTimings:finalize
2026-08-25T15:28:46.275Z LH:status Trace Engine parse:ExtensionTraceData:finalize
2026-08-25T15:28:46.291Z LH:status Trace Engine parse:LayerTree:finalize
2026-08-25T15:28:46.307Z LH:status Trace Engine parse:Frames:finalize
2026-08-25T15:28:46.320Z LH:status Trace Engine parse:GPU:finalize
2026-08-25T15:28:46.321Z LH:status Trace Engine parse:ImagePainting:finalize
2026-08-25T15:28:46.337Z LH:status Trace Engine parse:Initiators:finalize
2026-08-25T15:28:46.353Z LH:status Trace Engine parse:Invalidations:finalize
2026-08-25T15:28:46.367Z LH:status Trace Engine parse:PageLoadMetrics:finalize
2026-08-25T15:28:46.371Z LH:status Trace Engine parse:LargestImagePaint:finalize
2026-08-25T15:28:46.383Z LH:status Trace Engine parse:LargestTextPaint:finalize
2026-08-25T15:28:46.398Z LH:status Trace Engine parse:Screenshots:finalize
2026-08-25T15:28:46.426Z LH:status Trace Engine parse:LayoutShifts:finalize
2026-08-25T15:28:46.430Z LH:status Trace Engine parse:Memory:finalize
2026-08-25T15:28:46.444Z LH:status Trace Engine parse:PageFrames:finalize
2026-08-25T15:28:46.459Z LH:status Trace Engine parse:Scripts:finalize
2026-08-25T15:28:46.487Z LH:status Trace Engine parse:SelectorStats:finalize
2026-08-25T15:28:46.491Z LH:status Trace Engine parse:UserInteractions:finalize
2026-08-25T15:28:46.507Z LH:status Trace Engine parse:Workers:finalize
2026-08-25T15:28:46.521Z LH:status Trace Engine parse:Warnings:finalize
2026-08-25T15:28:46.538Z LH:status Trace Engine parse:handler.data()
2026-08-25T15:28:46.539Z LH:status Trace Engine insights
2026-08-25T15:28:46.540Z LH:status Trace Engine insights:CLSCulprits
2026-08-25T15:28:46.540Z LH:status Trace Engine insights:Cache
2026-08-25T15:28:46.541Z LH:status Trace Engine insights:CharacterSet
2026-08-25T15:28:46.541Z LH:status Trace Engine insights:DOMSize
2026-08-25T15:28:46.542Z LH:status Trace Engine insights:DocumentLatency
2026-08-25T15:28:46.542Z LH:status Trace Engine insights:DuplicatedJavaScript
2026-08-25T15:28:46.543Z LH:status Trace Engine insights:FontDisplay
2026-08-25T15:28:46.543Z LH:status Trace Engine insights:ForcedReflow
2026-08-25T15:28:46.544Z LH:status Trace Engine insights:INPBreakdown
2026-08-25T15:28:46.544Z LH:status Trace Engine insights:ImageDelivery
2026-08-25T15:28:46.545Z LH:status Trace Engine insights:LCPBreakdown
2026-08-25T15:28:46.545Z LH:status Trace Engine insights:LCPDiscovery
2026-08-25T15:28:46.545Z LH:status Trace Engine insights:LegacyJavaScript
2026-08-25T15:28:46.546Z LH:status Trace Engine insights:ModernHTTP
2026-08-25T15:28:46.546Z LH:status Trace Engine insights:NetworkDependencyTree
2026-08-25T15:28:46.546Z LH:status Trace Engine insights:RenderBlocking
2026-08-25T15:28:46.548Z LH:status Trace Engine insights:SlowCSSSelector
2026-08-25T15:28:46.550Z LH:status Trace Engine insights:ThirdParties
2026-08-25T15:28:46.562Z LH:status Trace Engine insights:Viewport
2026-08-25T15:28:46.563Z LH:status Trace Engine insights:createLanternContext
2026-08-25T15:28:46.688Z LH:status Trace Engine insights:CLSCulprits
2026-08-25T15:28:46.690Z LH:status Trace Engine insights:Cache
2026-08-25T15:28:46.693Z LH:status Trace Engine insights:CharacterSet
2026-08-25T15:28:46.695Z LH:status Trace Engine insights:DOMSize
2026-08-25T15:28:46.696Z LH:status Trace Engine insights:DocumentLatency
2026-08-25T15:28:46.696Z LH:status Trace Engine insights:DuplicatedJavaScript
2026-08-25T15:28:47.018Z LH:status Trace Engine insights:FontDisplay
2026-08-25T15:28:47.019Z LH:status Trace Engine insights:ForcedReflow
2026-08-25T15:28:47.022Z LH:status Trace Engine insights:INPBreakdown
2026-08-25T15:28:47.022Z LH:status Trace Engine insights:ImageDelivery
2026-08-25T15:28:47.035Z LH:status Trace Engine insights:LCPBreakdown
2026-08-25T15:28:47.036Z LH:status Trace Engine insights:LCPDiscovery
2026-08-25T15:28:47.036Z LH:status Trace Engine insights:LegacyJavaScript
2026-08-25T15:28:48.034Z LH:status Trace Engine insights:ModernHTTP
2026-08-25T15:28:48.038Z LH:status Trace Engine insights:NetworkDependencyTree
2026-08-25T15:28:48.041Z LH:status Trace Engine insights:RenderBlocking
2026-08-25T15:28:48.042Z LH:status Trace Engine insights:SlowCSSSelector
2026-08-25T15:28:48.043Z LH:status Trace Engine insights:ThirdParties
2026-08-25T15:28:48.071Z LH:status Trace Engine insights:Viewport
2026-08-25T15:28:48.455Z LH:status Getting artifact: ViewportDimensions
2026-08-25T15:28:48.458Z LH:status Getting artifact: FullPageScreenshot
2026-08-25T15:28:49.626Z LH:status Getting artifact: BFCacheFailures
2026-08-25T15:28:49.973Z LH:status Analyzing and running audits...
2026-08-25T15:28:49.977Z LH:status Auditing: Uses HTTPS
2026-08-25T15:28:49.984Z LH:status Auditing: Redirects HTTP traffic to HTTPS
2026-08-25T15:28:49.987Z LH:status Auditing: First Contentful Paint
2026-08-25T15:28:50.047Z LH:status Auditing: Largest Contentful Paint
2026-08-25T15:28:50.060Z LH:status Auditing: Speed Index
2026-08-25T15:28:50.513Z LH:status Auditing: Screenshot Thumbnails
2026-08-25T15:28:50.514Z LH:status Auditing: Final Screenshot
2026-08-25T15:28:50.530Z LH:status Auditing: Total Blocking Time
2026-08-25T15:28:50.546Z LH:status Auditing: Max Potential First Input Delay
2026-08-25T15:28:50.559Z LH:status Auditing: Cumulative Layout Shift
2026-08-25T15:28:50.563Z LH:status Auditing: No browser errors logged to the console
2026-08-25T15:28:50.712Z LH:status Auditing: Initial server response time was short
2026-08-25T15:28:50.716Z LH:status Auditing: Time to Interactive
2026-08-25T15:28:50.720Z LH:status Auditing: User Timing marks and measures
2026-08-25T15:28:50.731Z LH:status Auditing: Avoid multiple page redirects
2026-08-25T15:28:50.740Z LH:status Auditing: Displays images with correct aspect ratio
2026-08-25T15:28:50.742Z LH:status Auditing: Serves images with appropriate resolution
2026-08-25T15:28:50.747Z LH:status Auditing: Avoids deprecated APIs
2026-08-25T15:28:50.750Z LH:status Auditing: Avoids third-party cookies
2026-08-25T15:28:50.752Z LH:status Auditing: Minimizes main-thread work
2026-08-25T15:28:50.853Z LH:status Auditing: JavaScript execution time
2026-08-25T15:28:50.893Z LH:status Auditing: Diagnostics
2026-08-25T15:28:50.896Z LH:status Auditing: Network Requests
2026-08-25T15:28:50.901Z LH:status Auditing: Network Round Trip Times
2026-08-25T15:28:50.903Z LH:status Auditing: Server Backend Latencies
2026-08-25T15:28:50.904Z LH:status Auditing: Tasks
2026-08-25T15:28:50.906Z LH:status Auditing: Metrics
2026-08-25T15:28:50.911Z LH:status Auditing: Resources Summary
2026-08-25T15:28:50.914Z LH:status Auditing: Avoid large layout shifts
2026-08-25T15:28:50.916Z LH:status Auditing: Avoid long main-thread tasks
2026-08-25T15:28:50.924Z LH:status Auditing: Avoid non-composited animations
2026-08-25T15:28:50.926Z LH:status Auditing: Image elements have explicit `width` and `height`
2026-08-25T15:28:50.929Z LH:status Auditing: Page has valid source maps
2026-08-25T15:28:50.933Z LH:status Auditing: Ensure CSP is effective against XSS attacks
2026-08-25T15:28:50.935Z LH:status Auditing: Use a strong HSTS policy
2026-08-25T15:28:50.938Z LH:status Auditing: Ensure proper origin isolation with COOP
2026-08-25T15:28:50.941Z LH:status Auditing: Mitigate clickjacking with XFO or CSP
2026-08-25T15:28:50.944Z LH:status Auditing: Mitigate DOM-based XSS with Trusted Types
2026-08-25T15:28:50.947Z LH:status Auditing: Script Treemap Data
2026-08-25T15:28:51.131Z LH:status Auditing: `[accesskey]` values are unique
2026-08-25T15:28:51.133Z LH:status Auditing: `[aria-*]` attributes match their roles
2026-08-25T15:28:51.139Z LH:status Auditing: Uses ARIA roles only on compatible elements
2026-08-25T15:28:51.143Z LH:status Auditing: `button`, `link`, and `menuitem` elements have accessible names
2026-08-25T15:28:51.145Z LH:status Auditing: ARIA attributes are used as specified for the element's role
2026-08-25T15:28:51.149Z LH:status Auditing: Deprecated ARIA roles were not used
2026-08-25T15:28:51.152Z LH:status Auditing: Elements with `role="dialog"` or `role="alertdialog"` have accessible names.
2026-08-25T15:28:51.153Z LH:status Auditing: `[aria-hidden="true"]` is not present on the document `<body>`
2026-08-25T15:28:51.159Z LH:status Auditing: `[aria-hidden="true"]` elements do not contain focusable descendents
2026-08-25T15:28:51.165Z LH:status Auditing: ARIA input fields have accessible names
2026-08-25T15:28:51.168Z LH:status Auditing: ARIA `meter` elements have accessible names
2026-08-25T15:28:51.170Z LH:status Auditing: ARIA `progressbar` elements have accessible names
2026-08-25T15:28:51.173Z LH:status Auditing: Elements use only permitted ARIA attributes
2026-08-25T15:28:51.178Z LH:status Auditing: `[role]`s have all required `[aria-*]` attributes
2026-08-25T15:28:51.184Z LH:status Auditing: Elements with an ARIA `[role]` that require children to contain a specific `[role]` have all required children.
2026-08-25T15:28:51.188Z LH:status Auditing: `[role]`s are contained by their required parent element
2026-08-25T15:28:51.191Z LH:status Auditing: `[role]` values are valid
2026-08-25T15:28:51.197Z LH:status Auditing: Elements with the `role=text` attribute do not have focusable descendents.
2026-08-25T15:28:51.200Z LH:status Auditing: ARIA toggle fields have accessible names
2026-08-25T15:28:51.203Z LH:status Auditing: ARIA `tooltip` elements have accessible names
2026-08-25T15:28:51.205Z LH:status Auditing: ARIA `treeitem` elements have accessible names
2026-08-25T15:28:51.208Z LH:status Auditing: `[aria-*]` attributes have valid values
2026-08-25T15:28:51.215Z LH:status Auditing: `[aria-*]` attributes are valid and not misspelled
2026-08-25T15:28:51.220Z LH:status Auditing: Buttons have an accessible name
2026-08-25T15:28:51.225Z LH:status Auditing: The page contains a heading, skip link, or landmark region
2026-08-25T15:28:51.232Z LH:status Auditing: Background and foreground colors have a sufficient contrast ratio
2026-08-25T15:28:51.241Z LH:status Auditing: `<dl>`'s contain only properly-ordered `<dt>` and `<dd>` groups, `<script>`, `<template>` or `<div>` elements.
2026-08-25T15:28:51.245Z LH:status Auditing: Definition list items are wrapped in `<dl>` elements
2026-08-25T15:28:51.248Z LH:status Auditing: Document has a `<title>` element
2026-08-25T15:28:51.254Z LH:status Auditing: ARIA IDs are unique
2026-08-25T15:28:51.258Z LH:status Auditing: All heading elements contain content.
2026-08-25T15:28:51.284Z LH:status Auditing: No form fields have multiple labels
2026-08-25T15:28:51.290Z LH:status Auditing: `<frame>` or `<iframe>` elements have a title
2026-08-25T15:28:51.294Z LH:status Auditing: Heading elements appear in a sequentially-descending order
2026-08-25T15:28:51.303Z LH:status Auditing: `<html>` element has a `[lang]` attribute
2026-08-25T15:28:51.310Z LH:status Auditing: `<html>` element has a valid value for its `[lang]` attribute
2026-08-25T15:28:51.317Z LH:status Auditing: `<html>` element has an `[xml:lang]` attribute with the same base language as the `[lang]` attribute.
2026-08-25T15:28:51.321Z LH:status Auditing: Identical links have the same purpose.
2026-08-25T15:28:51.328Z LH:status Auditing: Image elements have `[alt]` attributes
2026-08-25T15:28:51.337Z LH:status Auditing: Image elements do not have `[alt]` attributes that are redundant text.
2026-08-25T15:28:51.345Z LH:status Auditing: Input buttons have discernible text.
2026-08-25T15:28:51.351Z LH:status Auditing: `<input type="image">` elements have `[alt]` text
2026-08-25T15:28:51.357Z LH:status Auditing: Elements with visible text labels have matching accessible names.
2026-08-25T15:28:51.383Z LH:status Auditing: Form elements have associated labels
2026-08-25T15:28:51.388Z LH:status Auditing: Document has a main landmark.
2026-08-25T15:28:51.394Z LH:status Auditing: Links have a discernible name
2026-08-25T15:28:51.400Z LH:status Auditing: Links are distinguishable without relying on color.
2026-08-25T15:28:51.405Z LH:status Auditing: Lists contain only `<li>` elements and script supporting elements (`<script>` and `<template>`).
2026-08-25T15:28:51.410Z LH:status Auditing: List items (`<li>`) are contained within `<ul>`, `<ol>` or `<menu>` parent elements
2026-08-25T15:28:51.416Z LH:status Auditing: The document does not use `<meta http-equiv="refresh">`
2026-08-25T15:28:51.420Z LH:status Auditing: `[user-scalable="no"]` is not used in the `<meta name="viewport">` element and the `[maximum-scale]` attribute is not less than 5.
2026-08-25T15:28:51.425Z LH:status Auditing: `<object>` elements have alternate text
2026-08-25T15:28:51.430Z LH:status Auditing: Select elements have associated label elements.
2026-08-25T15:28:51.436Z LH:status Auditing: Skip links are focusable.
2026-08-25T15:28:51.440Z LH:status Auditing: No element has a `[tabindex]` value greater than 0
2026-08-25T15:28:51.446Z LH:status Auditing: Tables have different content in the summary attribute and `<caption>`.
2026-08-25T15:28:51.452Z LH:status Auditing: Tables use `<caption>` instead of cells with the `[colspan]` attribute to indicate a caption.
2026-08-25T15:28:51.457Z LH:status Auditing: Touch targets have sufficient size and spacing.
2026-08-25T15:28:51.464Z LH:status Auditing: `<td>` elements in a large `<table>` have one or more table headers.
2026-08-25T15:28:51.469Z LH:status Auditing: Cells in a `<table>` element that use the `[headers]` attribute refer to table cells within the same table.
2026-08-25T15:28:51.473Z LH:status Auditing: `<th>` elements and elements with `[role="columnheader"/"rowheader"]` have data cells they describe.
2026-08-25T15:28:51.479Z LH:status Auditing: `[lang]` attributes have a valid value
2026-08-25T15:28:51.483Z LH:status Auditing: `<video>` elements contain a `<track>` element with `[kind="captions"]`
2026-08-25T15:28:51.507Z LH:status Auditing: Custom controls have associated labels
2026-08-25T15:28:51.507Z LH:status Auditing: Custom controls have ARIA roles
2026-08-25T15:28:51.508Z LH:status Auditing: User focus is not accidentally trapped in a region
2026-08-25T15:28:51.508Z LH:status Auditing: Interactive controls are keyboard focusable
2026-08-25T15:28:51.508Z LH:status Auditing: Interactive elements indicate their purpose and state
2026-08-25T15:28:51.508Z LH:status Auditing: The page has a logical tab order
2026-08-25T15:28:51.508Z LH:status Auditing: The user's focus is directed to new content added to the page
2026-08-25T15:28:51.508Z LH:status Auditing: Offscreen content is hidden from assistive technology
2026-08-25T15:28:51.508Z LH:status Auditing: HTML5 landmark elements are used to improve navigation
2026-08-25T15:28:51.508Z LH:status Auditing: Visual order on the page follows DOM order
2026-08-25T15:28:51.509Z LH:status Auditing: `autocomplete` attributes are used correctly
2026-08-25T15:28:51.512Z LH:status Auditing: Elements with `role="none"` or `role="presentation"` do not have conflicts
2026-08-25T15:28:51.516Z LH:status Auditing: SVG elements with an `img` role have an accessible text alternative
2026-08-25T15:28:51.521Z LH:status Auditing: Avoids enormous network payloads
2026-08-25T15:28:51.525Z LH:status Auditing: Minify CSS
2026-08-25T15:28:51.557Z LH:status Auditing: Minify JavaScript
2026-08-25T15:28:51.765Z LH:status Auditing: Reduce unused CSS
2026-08-25T15:28:51.773Z LH:status Auditing: Reduce unused JavaScript
2026-08-25T15:28:51.790Z LH:status Auditing: Page has the HTML doctype
2026-08-25T15:28:51.792Z LH:status Auditing: Properly defines charset
2026-08-25T15:28:51.795Z LH:status Auditing: Avoids requesting the geolocation permission on page load
2026-08-25T15:28:51.798Z LH:status Auditing: No issues in the `Issues` panel in Chrome Devtools
2026-08-25T15:28:51.800Z LH:status Auditing: Detected JavaScript libraries
2026-08-25T15:28:51.802Z LH:status Auditing: Avoids requesting the notification permission on page load
2026-08-25T15:28:51.804Z LH:status Auditing: Allows users to paste into input fields
2026-08-25T15:28:51.806Z LH:status Auditing: Baseline Features
2026-08-25T15:28:51.816Z LH:status Auditing: Page didn't prevent back/forward cache restoration
2026-08-25T15:28:51.818Z LH:status Auditing: Use efficient cache lifetimes
2026-08-25T15:28:51.821Z LH:status Auditing: Layout shift culprits
2026-08-25T15:28:51.823Z LH:status Auditing: Document request latency
2026-08-25T15:28:51.825Z LH:status Auditing: Optimize DOM size
2026-08-25T15:28:51.828Z LH:status Auditing: Duplicated JavaScript
2026-08-25T15:28:51.831Z LH:status Auditing: Font display
2026-08-25T15:28:51.833Z LH:status Auditing: Forced reflow
2026-08-25T15:28:51.835Z LH:status Auditing: Improve image delivery
2026-08-25T15:28:51.838Z LH:status Auditing: INP breakdown
2026-08-25T15:28:51.840Z LH:status Auditing: LCP breakdown
2026-08-25T15:28:51.843Z LH:status Auditing: LCP request discovery
2026-08-25T15:28:51.844Z LH:status Auditing: Legacy JavaScript
2026-08-25T15:28:51.847Z LH:status Auditing: Modern HTTP
2026-08-25T15:28:51.849Z LH:status Auditing: Network dependency tree
2026-08-25T15:28:51.853Z LH:status Auditing: Render-blocking requests
2026-08-25T15:28:51.857Z LH:status Auditing: 3rd parties
2026-08-25T15:28:51.884Z LH:status Auditing: Optimize viewport for mobile
2026-08-25T15:28:51.886Z LH:status Generating results...
2026-08-25T15:28:51.958Z LH:Printer json output written to ./lighthouse-mobile.json
2026-08-25T15:28:51.958Z LH:ChromeLauncher Killing Chrome instance 5116
